/home/jimmy/Documents/sourceCode/subjectSysSrc/catena-java/catena/src/test/java/components/hash/algorithms/Argon2CFTest.java
/home/jimmy/Documents/sourceCode/subjectSysSrc/catena-java/catena/src/test/java/components/phi/algorithms/CatenaPhiTest.java
/home/jimmy/Documents/sourceCode/subjectSysSrc/catena-java/catena/src/test/java/DefaultInstancesTest.java
/home/jimmy/Documents/sourceCode/subjectSysSrc/catena-java/catena/src/test/java/components/graph/algorithms/index/IndexBRGTest.java
/home/jimmy/Documents/sourceCode/subjectSysSrc/catena-java/catena/src/test/java/performance/ButterflyFullTest.java
/home/jimmy/Documents/sourceCode/subjectSysSrc/catena-java/catena/src/test/java/performance/ButterflyTest.java
/home/jimmy/Documents/sourceCode/subjectSysSrc/catena-java/catena/src/test/java/components/hash/algorithms/Blake2bTest.java
/home/jimmy/Documents/sourceCode/subjectSysSrc/catena-java/catena/src/test/java/performance/DragonflyFullTest.java
/home/jimmy/Documents/sourceCode/subjectSysSrc/catena-java/catena/src/test/java/components/graph/algorithms/index/IndexGRGTest.java
/home/jimmy/Documents/sourceCode/subjectSysSrc/catena-java/catena/src/test/java/components/graph/algorithms/index/IndexSBRGTest.java
/home/jimmy/Documents/sourceCode/subjectSysSrc/catena-java/catena/src/test/java/components/graph/algorithms/index/IndexDBGTest.java
/home/jimmy/Documents/sourceCode/subjectSysSrc/catena-java/catena/src/test/java/components/gamma/algorithms/SaltMixTest.java
/home/jimmy/Documents/sourceCode/subjectSysSrc/catena-java/catena/src/test/java/performance/DragonflyTest.java
/home/jimmy/Documents/sourceCode/subjectSysSrc/catena-java/catena/src/test/java/HelperTest.java
/home/jimmy/Documents/sourceCode/subjectSysSrc/catena-java/catena/src/test/java/components/phi/algorithms/index/LSBIndexTest.java
/home/jimmy/Documents/sourceCode/subjectSysSrc/catena-java/catena/src/test/java/CatenaTest.java
/home/jimmy/Documents/sourceCode/subjectSysSrc/catena-java/catena/src/test/java/components/hash/algorithms/Blake2b_1Test.java
