test/java/components/graph/algorithms/index/IndexBRGTest.class
test/java/performance/ButterflyFullTest.class
test/java/components/gamma/algorithms/SaltMixTest.class
main/java/components/gamma/GammaInterface.class
test/java/components/hash/algorithms/Blake2b_1Test.class
test/java/components/hash/algorithms/Blake2bTest.class
main/java/components/phi/algorithms/CatenaPhi.class
test/java/components/phi/algorithms/index/LSBIndexTest.class
test/java/components/graph/algorithms/index/IndexSBRGTest.class
main/java/components/graph/algorithms/DoubleButterflyGraph.class
test/java/components/graph/algorithms/index/IndexGRGTest.class
main/java/Catena.class
main/java/components/hash/algorithms/Blake2b_1.class
main/java/components/phi/PhiInterface.class
test/java/HelperTest.class
main/java/DefaultInstances.class
test/java/components/hash/algorithms/Argon2CFTest.class
main/java/components/hash/algorithms/Blake2b.class
main/java/components/gamma/algorithms/SaltMix.class
main/java/components/graph/algorithms/index/IndexBRG.class
test/java/components/phi/algorithms/CatenaPhiTest.class
main/java/components/graph/algorithms/GenericGraph.class
test/java/components/hash/algorithms/Blake2bTest$TestVector.class
main/java/components/phi/algorithms/index/LSBIndex.class
main/java/components/phi/algorithms/IdxStateInterface.class
main/java/components/graph/GraphInterface.class
test/java/performance/DragonflyTest.class
main/java/components/hash/HashInterface.class
main/java/components/graph/algorithms/index/IndexDBG.class
main/java/components/graph/algorithms/IdxInterface.class
test/java/DefaultInstancesTest.class
main/java/components/hash/algorithms/Argon2CF.class
test/java/CatenaTest.class
main/java/components/graph/algorithms/index/IndexSBRG.class
test/java/performance/ButterflyTest.class
main/java/components/gamma/algorithms/IdentityGamma.class
test/java/performance/DragonflyFullTest.class
main/java/components/phi/algorithms/IdentityPhi.class
main/java/Helper.class
main/java/components/graph/algorithms/index/IndexGRG.class
main/java/Catena$POWstruct.class
test/java/components/graph/algorithms/index/IndexDBGTest.class
monitoring/CatenaMonitoring.class
