/home/jimmy/Documents/sourceCode/subjectSysSrc/catena-java/catena/src/main/java/components/graph/algorithms/IdxInterface.java
/home/jimmy/Documents/sourceCode/subjectSysSrc/catena-java/catena/src/main/java/components/gamma/GammaInterface.java
/home/jimmy/Documents/sourceCode/subjectSysSrc/catena-java/catena/src/test/java/components/hash/algorithms/Argon2CFTest.java
/home/jimmy/Documents/sourceCode/subjectSysSrc/catena-java/catena/src/main/java/components/graph/algorithms/index/IndexSBRG.java
/home/jimmy/Documents/sourceCode/subjectSysSrc/catena-java/catena/src/main/java/components/phi/algorithms/CatenaPhi.java
/home/jimmy/Documents/sourceCode/subjectSysSrc/catena-java/catena/src/main/java/components/phi/PhiInterface.java
/home/jimmy/Documents/sourceCode/subjectSysSrc/catena-java/catena/src/main/java/components/hash/HashInterface.java
/home/jimmy/Documents/sourceCode/subjectSysSrc/catena-java/catena/src/test/java/components/hash/algorithms/Blake2bTest.java
/home/jimmy/Documents/sourceCode/subjectSysSrc/catena-java/catena/src/test/java/performance/DragonflyFullTest.java
/home/jimmy/Documents/sourceCode/subjectSysSrc/catena-java/catena/src/test/java/components/graph/algorithms/index/IndexGRGTest.java
/home/jimmy/Documents/sourceCode/subjectSysSrc/catena-java/catena/src/main/java/components/gamma/algorithms/IdentityGamma.java
/home/jimmy/Documents/sourceCode/subjectSysSrc/catena-java/catena/src/test/java/components/gamma/algorithms/SaltMixTest.java
/home/jimmy/Documents/sourceCode/subjectSysSrc/catena-java/catena/src/main/java/components/graph/algorithms/index/IndexDBG.java
/home/jimmy/Documents/sourceCode/subjectSysSrc/catena-java/catena/src/main/java/components/phi/algorithms/IdentityPhi.java
/home/jimmy/Documents/sourceCode/subjectSysSrc/catena-java/catena/src/test/java/HelperTest.java
/home/jimmy/Documents/sourceCode/subjectSysSrc/catena-java/catena/src/main/java/components/hash/algorithms/Argon2CF.java
/home/jimmy/Documents/sourceCode/subjectSysSrc/catena-java/catena/src/test/java/components/phi/algorithms/index/LSBIndexTest.java
/home/jimmy/Documents/sourceCode/subjectSysSrc/catena-java/catena/src/main/java/components/graph/algorithms/GenericGraph.java
/home/jimmy/Documents/sourceCode/subjectSysSrc/catena-java/catena/src/test/java/CatenaTest.java
/home/jimmy/Documents/sourceCode/subjectSysSrc/catena-java/catena/src/main/java/components/phi/algorithms/index/LSBIndex.java
/home/jimmy/Documents/sourceCode/subjectSysSrc/catena-java/catena/src/test/java/components/hash/algorithms/Blake2b_1Test.java
/home/jimmy/Documents/sourceCode/subjectSysSrc/catena-java/catena/src/main/java/components/hash/algorithms/Blake2b.java
/home/jimmy/Documents/sourceCode/subjectSysSrc/catena-java/catena/src/main/java/components/hash/algorithms/Blake2b_1.java
/home/jimmy/Documents/sourceCode/subjectSysSrc/catena-java/catena/src/main/java/Catena.java
/home/jimmy/Documents/sourceCode/subjectSysSrc/catena-java/catena/src/main/java/DefaultInstances.java
/home/jimmy/Documents/sourceCode/subjectSysSrc/catena-java/catena/src/test/java/components/phi/algorithms/CatenaPhiTest.java
/home/jimmy/Documents/sourceCode/subjectSysSrc/catena-java/catena/src/test/java/DefaultInstancesTest.java
/home/jimmy/Documents/sourceCode/subjectSysSrc/catena-java/catena/src/main/java/components/graph/algorithms/index/IndexBRG.java
/home/jimmy/Documents/sourceCode/subjectSysSrc/catena-java/catena/src/main/java/components/gamma/algorithms/SaltMix.java
/home/jimmy/Documents/sourceCode/subjectSysSrc/catena-java/catena/src/test/java/components/graph/algorithms/index/IndexBRGTest.java
/home/jimmy/Documents/sourceCode/subjectSysSrc/catena-java/catena/src/test/java/performance/ButterflyFullTest.java
/home/jimmy/Documents/sourceCode/subjectSysSrc/catena-java/catena/src/monitoring/CatenaMonitoring.java
/home/jimmy/Documents/sourceCode/subjectSysSrc/catena-java/catena/src/test/java/performance/ButterflyTest.java
/home/jimmy/Documents/sourceCode/subjectSysSrc/catena-java/catena/src/main/java/components/graph/GraphInterface.java
/home/jimmy/Documents/sourceCode/subjectSysSrc/catena-java/catena/src/main/java/Helper.java
/home/jimmy/Documents/sourceCode/subjectSysSrc/catena-java/catena/src/main/java/components/graph/algorithms/index/IndexGRG.java
/home/jimmy/Documents/sourceCode/subjectSysSrc/catena-java/catena/src/test/java/components/graph/algorithms/index/IndexSBRGTest.java
/home/jimmy/Documents/sourceCode/subjectSysSrc/catena-java/catena/src/test/java/components/graph/algorithms/index/IndexDBGTest.java
/home/jimmy/Documents/sourceCode/subjectSysSrc/catena-java/catena/src/test/java/performance/DragonflyTest.java
/home/jimmy/Documents/sourceCode/subjectSysSrc/catena-java/catena/src/main/java/components/graph/algorithms/DoubleButterflyGraph.java
/home/jimmy/Documents/sourceCode/subjectSysSrc/catena-java/catena/src/main/java/components/phi/algorithms/IdxStateInterface.java
